// Jest Snapshot v1, https://goo.gl/fbAQLP

exports[`Article item component renders an article 1`] = `
<DocumentFragment>
  <form>
    <input
      placeholder="Search"
      type="text"
      value=""
    />
    <button
      type="submit"
    >
      Search
    </button>
  </form>
</DocumentFragment>
`;
